// Jest Snapshot v1, https://goo.gl/fbAQLP

exports[`<ErrorMessage /> renders without crash 1`] = `ShallowWrapper {}`;
