// Jest Snapshot v1, https://goo.gl/fbAQLP

exports[`<CategoriesCarousel /> renders without crash 1`] = `ShallowWrapper {}`;
