// Jest Snapshot v1, https://goo.gl/fbAQLP

exports[`<Categories /> renders without crash 1`] = `ShallowWrapper {}`;
