// Jest Snapshot v1, https://goo.gl/fbAQLP

exports[`<LoadingMessage /> renders without crash 1`] = `ShallowWrapper {}`;
