// Jest Snapshot v1, https://goo.gl/fbAQLP

exports[`<CartRoute /> renders without crash 1`] = `ShallowWrapper {}`;
