// Jest Snapshot v1, https://goo.gl/fbAQLP

exports[`<Product /> renders without crash 1`] = `ShallowWrapper {}`;
