// Jest Snapshot v1, https://goo.gl/fbAQLP

exports[`<Products /> renders without crash 1`] = `ShallowWrapper {}`;
