// Jest Snapshot v1, https://goo.gl/fbAQLP

exports[`<Menu /> renders without crash 1`] = `ShallowWrapper {}`;
