// Jest Snapshot v1, https://goo.gl/fbAQLP

exports[`<Footer /> renders without crash 1`] = `ShallowWrapper {}`;
