// Jest Snapshot v1, https://goo.gl/fbAQLP

exports[`<Menu /> renders without crash 1`] = `
ShallowWrapper {
  Symbol(enzyme.__root__): [Circular],
  Symbol(enzyme.__unrendered__): <Menu
    menu={
      Array [
        Object {
          "href": "#",
          "name": "home",
        },
        Object {
          "href": "#",
          "name": "sale",
        },
        Object {
          "href": "#",
          "name": "handbags",
        },
      ]
    }
  />,
  Symbol(enzyme.__renderer__): Object {
    "batchedUpdates": [Function],
    "getNode": [Function],
    "render": [Function],
    "simulateError": [Function],
    "simulateEvent": [Function],
    "unmount": [Function],
  },
  Symbol(enzyme.__node__): Object {
    "instance": null,
    "key": undefined,
    "nodeType": "host",
    "props": Object {
      "children": <ul
        className="main-menu__container wrapper"
      >
        <li
          className="main-menu__item"
        >
          <a
            className="main-menu__link"
            href="#"
          >
            home
          </a>
        </li>
        <li
          className="main-menu__item"
        >
          <a
            className="main-menu__link"
            href="#"
          >
            sale
          </a>
        </li>
        <li
          className="main-menu__item"
        >
          <a
            className="main-menu__link"
            href="#"
          >
            handbags
          </a>
        </li>
      </ul>,
      "className": "main-menu",
    },
    "ref": null,
    "rendered": Object {
      "instance": null,
      "key": undefined,
      "nodeType": "host",
      "props": Object {
        "children": Array [
          <li
            className="main-menu__item"
          >
            <a
              className="main-menu__link"
              href="#"
            >
              home
            </a>
          </li>,
          <li
            className="main-menu__item"
          >
            <a
              className="main-menu__link"
              href="#"
            >
              sale
            </a>
          </li>,
          <li
            className="main-menu__item"
          >
            <a
              className="main-menu__link"
              href="#"
            >
              handbags
            </a>
          </li>,
        ],
        "className": "main-menu__container wrapper",
      },
      "ref": null,
      "rendered": Array [
        Object {
          "instance": null,
          "key": "home",
          "nodeType": "host",
          "props": Object {
            "children": <a
              className="main-menu__link"
              href="#"
            >
              home
            </a>,
            "className": "main-menu__item",
          },
          "ref": null,
          "rendered": Object {
            "instance": null,
            "key": undefined,
            "nodeType": "host",
            "props": Object {
              "children": "home",
              "className": "main-menu__link",
              "href": "#",
            },
            "ref": null,
            "rendered": "home",
            "type": "a",
          },
          "type": "li",
        },
        Object {
          "instance": null,
          "key": "sale",
          "nodeType": "host",
          "props": Object {
            "children": <a
              className="main-menu__link"
              href="#"
            >
              sale
            </a>,
            "className": "main-menu__item",
          },
          "ref": null,
          "rendered": Object {
            "instance": null,
            "key": undefined,
            "nodeType": "host",
            "props": Object {
              "children": "sale",
              "className": "main-menu__link",
              "href": "#",
            },
            "ref": null,
            "rendered": "sale",
            "type": "a",
          },
          "type": "li",
        },
        Object {
          "instance": null,
          "key": "handbags",
          "nodeType": "host",
          "props": Object {
            "children": <a
              className="main-menu__link"
              href="#"
            >
              handbags
            </a>,
            "className": "main-menu__item",
          },
          "ref": null,
          "rendered": Object {
            "instance": null,
            "key": undefined,
            "nodeType": "host",
            "props": Object {
              "children": "handbags",
              "className": "main-menu__link",
              "href": "#",
            },
            "ref": null,
            "rendered": "handbags",
            "type": "a",
          },
          "type": "li",
        },
      ],
      "type": "ul",
    },
    "type": "nav",
  },
  Symbol(enzyme.__nodes__): Array [
    Object {
      "instance": null,
      "key": undefined,
      "nodeType": "host",
      "props": Object {
        "children": <ul
          className="main-menu__container wrapper"
        >
          <li
            className="main-menu__item"
          >
            <a
              className="main-menu__link"
              href="#"
            >
              home
            </a>
          </li>
          <li
            className="main-menu__item"
          >
            <a
              className="main-menu__link"
              href="#"
            >
              sale
            </a>
          </li>
          <li
            className="main-menu__item"
          >
            <a
              className="main-menu__link"
              href="#"
            >
              handbags
            </a>
          </li>
        </ul>,
        "className": "main-menu",
      },
      "ref": null,
      "rendered": Object {
        "instance": null,
        "key": undefined,
        "nodeType": "host",
        "props": Object {
          "children": Array [
            <li
              className="main-menu__item"
            >
              <a
                className="main-menu__link"
                href="#"
              >
                home
              </a>
            </li>,
            <li
              className="main-menu__item"
            >
              <a
                className="main-menu__link"
                href="#"
              >
                sale
              </a>
            </li>,
            <li
              className="main-menu__item"
            >
              <a
                className="main-menu__link"
                href="#"
              >
                handbags
              </a>
            </li>,
          ],
          "className": "main-menu__container wrapper",
        },
        "ref": null,
        "rendered": Array [
          Object {
            "instance": null,
            "key": "home",
            "nodeType": "host",
            "props": Object {
              "children": <a
                className="main-menu__link"
                href="#"
              >
                home
              </a>,
              "className": "main-menu__item",
            },
            "ref": null,
            "rendered": Object {
              "instance": null,
              "key": undefined,
              "nodeType": "host",
              "props": Object {
                "children": "home",
                "className": "main-menu__link",
                "href": "#",
              },
              "ref": null,
              "rendered": "home",
              "type": "a",
            },
            "type": "li",
          },
          Object {
            "instance": null,
            "key": "sale",
            "nodeType": "host",
            "props": Object {
              "children": <a
                className="main-menu__link"
                href="#"
              >
                sale
              </a>,
              "className": "main-menu__item",
            },
            "ref": null,
            "rendered": Object {
              "instance": null,
              "key": undefined,
              "nodeType": "host",
              "props": Object {
                "children": "sale",
                "className": "main-menu__link",
                "href": "#",
              },
              "ref": null,
              "rendered": "sale",
              "type": "a",
            },
            "type": "li",
          },
          Object {
            "instance": null,
            "key": "handbags",
            "nodeType": "host",
            "props": Object {
              "children": <a
                className="main-menu__link"
                href="#"
              >
                handbags
              </a>,
              "className": "main-menu__item",
            },
            "ref": null,
            "rendered": Object {
              "instance": null,
              "key": undefined,
              "nodeType": "host",
              "props": Object {
                "children": "handbags",
                "className": "main-menu__link",
                "href": "#",
              },
              "ref": null,
              "rendered": "handbags",
              "type": "a",
            },
            "type": "li",
          },
        ],
        "type": "ul",
      },
      "type": "nav",
    },
  ],
  Symbol(enzyme.__options__): Object {
    "adapter": ReactSixteenAdapter {
      "options": Object {
        "enableComponentDidUpdateOnSetState": true,
        "lifecycles": Object {
          "componentDidUpdate": Object {
            "onSetState": true,
          },
          "getDerivedStateFromProps": true,
          "getSnapshotBeforeUpdate": true,
          "setState": Object {
            "skipsComponentDidUpdateOnNullish": true,
          },
        },
      },
    },
  },
}
`;
