// Jest Snapshot v1, https://goo.gl/fbAQLP

exports[`<FetchStatus /> renders without crash 1`] = `ShallowWrapper {}`;
