// Jest Snapshot v1, https://goo.gl/fbAQLP

exports[`<Cart /> renders without crash 1`] = `ShallowWrapper {}`;
