// Jest Snapshot v1, https://goo.gl/fbAQLP

exports[`<FeaturedProducts /> renders without crash 1`] = `ShallowWrapper {}`;
