// Jest Snapshot v1, https://goo.gl/fbAQLP

exports[`<CatalogueRoute /> renders without crash 1`] = `ShallowWrapper {}`;
