// Jest Snapshot v1, https://goo.gl/fbAQLP

exports[`<FeaturedProductsCarousel /> renders without crash 1`] = `
ShallowWrapper {
  Symbol(enzyme.__root__): [Circular],
  Symbol(enzyme.__unrendered__): <FeaturedProductsCarousel
    className={null}
    slides={
      Array [
        Object {
          "description": "White coloured, short-sleeved, printed T-shirt.",
          "heading": "Cowhide Standard Crew",
          "imgSrc": "img/carousel/t-shirt.png",
        },
      ]
    }
  />,
  Symbol(enzyme.__renderer__): Object {
    "batchedUpdates": [Function],
    "getNode": [Function],
    "render": [Function],
    "simulateError": [Function],
    "simulateEvent": [Function],
    "unmount": [Function],
  },
  Symbol(enzyme.__node__): Object {
    "instance": null,
    "key": undefined,
    "nodeType": "host",
    "props": Object {
      "children": Array [
        <div
          className="swiper-wrapper"
        >
          <Slide
            className="swiper-slide"
            slide={
              Object {
                "description": "White coloured, short-sleeved, printed T-shirt.",
                "heading": "Cowhide Standard Crew",
                "imgSrc": "img/carousel/t-shirt.png",
              }
            }
          />
        </div>,
        <div
          className="swiper-pagination"
        />,
      ],
      "className": "swiper-container",
    },
    "ref": Object {
      "current": null,
    },
    "rendered": Array [
      Object {
        "instance": null,
        "key": undefined,
        "nodeType": "host",
        "props": Object {
          "children": Array [
            <Slide
              className="swiper-slide"
              slide={
                Object {
                  "description": "White coloured, short-sleeved, printed T-shirt.",
                  "heading": "Cowhide Standard Crew",
                  "imgSrc": "img/carousel/t-shirt.png",
                }
              }
            />,
          ],
          "className": "swiper-wrapper",
        },
        "ref": null,
        "rendered": Array [
          Object {
            "instance": null,
            "key": "Cowhide Standard Crew",
            "nodeType": "function",
            "props": Object {
              "className": "swiper-slide",
              "slide": Object {
                "description": "White coloured, short-sleeved, printed T-shirt.",
                "heading": "Cowhide Standard Crew",
                "imgSrc": "img/carousel/t-shirt.png",
              },
            },
            "ref": null,
            "rendered": null,
            "type": [Function],
          },
        ],
        "type": "div",
      },
      Object {
        "instance": null,
        "key": undefined,
        "nodeType": "host",
        "props": Object {
          "className": "swiper-pagination",
        },
        "ref": Object {
          "current": null,
        },
        "rendered": null,
        "type": "div",
      },
    ],
    "type": "div",
  },
  Symbol(enzyme.__nodes__): Array [
    Object {
      "instance": null,
      "key": undefined,
      "nodeType": "host",
      "props": Object {
        "children": Array [
          <div
            className="swiper-wrapper"
          >
            <Slide
              className="swiper-slide"
              slide={
                Object {
                  "description": "White coloured, short-sleeved, printed T-shirt.",
                  "heading": "Cowhide Standard Crew",
                  "imgSrc": "img/carousel/t-shirt.png",
                }
              }
            />
          </div>,
          <div
            className="swiper-pagination"
          />,
        ],
        "className": "swiper-container",
      },
      "ref": Object {
        "current": null,
      },
      "rendered": Array [
        Object {
          "instance": null,
          "key": undefined,
          "nodeType": "host",
          "props": Object {
            "children": Array [
              <Slide
                className="swiper-slide"
                slide={
                  Object {
                    "description": "White coloured, short-sleeved, printed T-shirt.",
                    "heading": "Cowhide Standard Crew",
                    "imgSrc": "img/carousel/t-shirt.png",
                  }
                }
              />,
            ],
            "className": "swiper-wrapper",
          },
          "ref": null,
          "rendered": Array [
            Object {
              "instance": null,
              "key": "Cowhide Standard Crew",
              "nodeType": "function",
              "props": Object {
                "className": "swiper-slide",
                "slide": Object {
                  "description": "White coloured, short-sleeved, printed T-shirt.",
                  "heading": "Cowhide Standard Crew",
                  "imgSrc": "img/carousel/t-shirt.png",
                },
              },
              "ref": null,
              "rendered": null,
              "type": [Function],
            },
          ],
          "type": "div",
        },
        Object {
          "instance": null,
          "key": undefined,
          "nodeType": "host",
          "props": Object {
            "className": "swiper-pagination",
          },
          "ref": Object {
            "current": null,
          },
          "rendered": null,
          "type": "div",
        },
      ],
      "type": "div",
    },
  ],
  Symbol(enzyme.__options__): Object {
    "adapter": ReactSixteenAdapter {
      "options": Object {
        "enableComponentDidUpdateOnSetState": true,
        "lifecycles": Object {
          "componentDidUpdate": Object {
            "onSetState": true,
          },
          "getDerivedStateFromProps": true,
          "getSnapshotBeforeUpdate": true,
          "setState": Object {
            "skipsComponentDidUpdateOnNullish": true,
          },
        },
      },
    },
  },
}
`;
