// Jest Snapshot v1, https://goo.gl/fbAQLP

exports[`<CartTotal /> renders without crash 1`] = `ShallowWrapper {}`;
