// Jest Snapshot v1, https://goo.gl/fbAQLP

exports[`<Cart /> renders without crash 1`] = `
ShallowWrapper {
  Symbol(enzyme.__root__): [Circular],
  Symbol(enzyme.__unrendered__): <Cart
    cartItems={Array []}
    onClearCart={[MockFunction]}
    onDecreaseQuantity={[MockFunction]}
    onIncreaseQuantity={[MockFunction]}
    onRemoveItem={[MockFunction]}
    totalPrice={0}
  />,
  Symbol(enzyme.__renderer__): Object {
    "batchedUpdates": [Function],
    "getNode": [Function],
    "render": [Function],
    "simulateError": [Function],
    "simulateEvent": [Function],
    "unmount": [Function],
  },
  Symbol(enzyme.__node__): Object {
    "instance": null,
    "key": undefined,
    "nodeType": "host",
    "props": Object {
      "children": <div
        className="empty-cart__title"
      >
        Your bucket is empty
      </div>,
      "className": "empty-cart",
    },
    "ref": null,
    "rendered": Object {
      "instance": null,
      "key": undefined,
      "nodeType": "host",
      "props": Object {
        "children": "Your bucket is empty",
        "className": "empty-cart__title",
      },
      "ref": null,
      "rendered": "Your bucket is empty",
      "type": "div",
    },
    "type": "div",
  },
  Symbol(enzyme.__nodes__): Array [
    Object {
      "instance": null,
      "key": undefined,
      "nodeType": "host",
      "props": Object {
        "children": <div
          className="empty-cart__title"
        >
          Your bucket is empty
        </div>,
        "className": "empty-cart",
      },
      "ref": null,
      "rendered": Object {
        "instance": null,
        "key": undefined,
        "nodeType": "host",
        "props": Object {
          "children": "Your bucket is empty",
          "className": "empty-cart__title",
        },
        "ref": null,
        "rendered": "Your bucket is empty",
        "type": "div",
      },
      "type": "div",
    },
  ],
  Symbol(enzyme.__options__): Object {
    "adapter": ReactSixteenAdapter {
      "options": Object {
        "enableComponentDidUpdateOnSetState": true,
        "lifecycles": Object {
          "componentDidUpdate": Object {
            "onSetState": true,
          },
          "getDerivedStateFromProps": true,
          "getSnapshotBeforeUpdate": true,
          "setState": Object {
            "skipsComponentDidUpdateOnNullish": true,
          },
        },
      },
    },
  },
}
`;
