// Jest Snapshot v1, https://goo.gl/fbAQLP

exports[`<Footer /> renders without crash 1`] = `
ShallowWrapper {
  Symbol(enzyme.__root__): [Circular],
  Symbol(enzyme.__unrendered__): <Footer
    linksList={
      Array [
        Object {
          "links": Array [
            Object {
              "href": "#",
              "name": "Alexis Hudson",
            },
            Object {
              "href": "#",
              "name": "American Apparel",
            },
            Object {
              "href": "#",
              "name": "Ben Sherman",
            },
          ],
          "name": "featured sale",
        },
      ]
    }
  />,
  Symbol(enzyme.__renderer__): Object {
    "batchedUpdates": [Function],
    "getNode": [Function],
    "render": [Function],
    "simulateError": [Function],
    "simulateEvent": [Function],
    "unmount": [Function],
  },
  Symbol(enzyme.__node__): Object {
    "instance": null,
    "key": undefined,
    "nodeType": "host",
    "props": Object {
      "children": Array [
        <div
          className="footer__links-wrapper wrapper"
        >
          <div
            className="footer__links"
          >
            <div
              className="footer__links-title"
            >
              featured sale
            </div>
            <ul
              className="footer__links-list"
            >
              <li>
                <a
                  className="footer__link"
                  href="#"
                >
                  Alexis Hudson
                </a>
              </li>
              <li>
                <a
                  className="footer__link"
                  href="#"
                >
                  American Apparel
                </a>
              </li>
              <li>
                <a
                  className="footer__link"
                  href="#"
                >
                  Ben Sherman
                </a>
              </li>
            </ul>
          </div>
        </div>,
        <div
          className="footer__copyright"
        >
          Copyright 2013 CSS Author
        </div>,
      ],
      "className": "footer",
    },
    "ref": null,
    "rendered": Array [
      Object {
        "instance": null,
        "key": undefined,
        "nodeType": "host",
        "props": Object {
          "children": Array [
            <div
              className="footer__links"
            >
              <div
                className="footer__links-title"
              >
                featured sale
              </div>
              <ul
                className="footer__links-list"
              >
                <li>
                  <a
                    className="footer__link"
                    href="#"
                  >
                    Alexis Hudson
                  </a>
                </li>
                <li>
                  <a
                    className="footer__link"
                    href="#"
                  >
                    American Apparel
                  </a>
                </li>
                <li>
                  <a
                    className="footer__link"
                    href="#"
                  >
                    Ben Sherman
                  </a>
                </li>
              </ul>
            </div>,
          ],
          "className": "footer__links-wrapper wrapper",
        },
        "ref": null,
        "rendered": Array [
          Object {
            "instance": null,
            "key": "0",
            "nodeType": "host",
            "props": Object {
              "children": Array [
                <div
                  className="footer__links-title"
                >
                  featured sale
                </div>,
                <ul
                  className="footer__links-list"
                >
                  <li>
                    <a
                      className="footer__link"
                      href="#"
                    >
                      Alexis Hudson
                    </a>
                  </li>
                  <li>
                    <a
                      className="footer__link"
                      href="#"
                    >
                      American Apparel
                    </a>
                  </li>
                  <li>
                    <a
                      className="footer__link"
                      href="#"
                    >
                      Ben Sherman
                    </a>
                  </li>
                </ul>,
              ],
              "className": "footer__links",
            },
            "ref": null,
            "rendered": Array [
              Object {
                "instance": null,
                "key": undefined,
                "nodeType": "host",
                "props": Object {
                  "children": "featured sale",
                  "className": "footer__links-title",
                },
                "ref": null,
                "rendered": "featured sale",
                "type": "div",
              },
              Object {
                "instance": null,
                "key": undefined,
                "nodeType": "host",
                "props": Object {
                  "children": Array [
                    <li>
                      <a
                        className="footer__link"
                        href="#"
                      >
                        Alexis Hudson
                      </a>
                    </li>,
                    <li>
                      <a
                        className="footer__link"
                        href="#"
                      >
                        American Apparel
                      </a>
                    </li>,
                    <li>
                      <a
                        className="footer__link"
                        href="#"
                      >
                        Ben Sherman
                      </a>
                    </li>,
                  ],
                  "className": "footer__links-list",
                },
                "ref": null,
                "rendered": Array [
                  Object {
                    "instance": null,
                    "key": "0",
                    "nodeType": "host",
                    "props": Object {
                      "children": <a
                        className="footer__link"
                        href="#"
                      >
                        Alexis Hudson
                      </a>,
                    },
                    "ref": null,
                    "rendered": Object {
                      "instance": null,
                      "key": undefined,
                      "nodeType": "host",
                      "props": Object {
                        "children": "Alexis Hudson",
                        "className": "footer__link",
                        "href": "#",
                      },
                      "ref": null,
                      "rendered": "Alexis Hudson",
                      "type": "a",
                    },
                    "type": "li",
                  },
                  Object {
                    "instance": null,
                    "key": "1",
                    "nodeType": "host",
                    "props": Object {
                      "children": <a
                        className="footer__link"
                        href="#"
                      >
                        American Apparel
                      </a>,
                    },
                    "ref": null,
                    "rendered": Object {
                      "instance": null,
                      "key": undefined,
                      "nodeType": "host",
                      "props": Object {
                        "children": "American Apparel",
                        "className": "footer__link",
                        "href": "#",
                      },
                      "ref": null,
                      "rendered": "American Apparel",
                      "type": "a",
                    },
                    "type": "li",
                  },
                  Object {
                    "instance": null,
                    "key": "2",
                    "nodeType": "host",
                    "props": Object {
                      "children": <a
                        className="footer__link"
                        href="#"
                      >
                        Ben Sherman
                      </a>,
                    },
                    "ref": null,
                    "rendered": Object {
                      "instance": null,
                      "key": undefined,
                      "nodeType": "host",
                      "props": Object {
                        "children": "Ben Sherman",
                        "className": "footer__link",
                        "href": "#",
                      },
                      "ref": null,
                      "rendered": "Ben Sherman",
                      "type": "a",
                    },
                    "type": "li",
                  },
                ],
                "type": "ul",
              },
            ],
            "type": "div",
          },
        ],
        "type": "div",
      },
      Object {
        "instance": null,
        "key": undefined,
        "nodeType": "host",
        "props": Object {
          "children": "Copyright 2013 CSS Author",
          "className": "footer__copyright",
        },
        "ref": null,
        "rendered": "Copyright 2013 CSS Author",
        "type": "div",
      },
    ],
    "type": "footer",
  },
  Symbol(enzyme.__nodes__): Array [
    Object {
      "instance": null,
      "key": undefined,
      "nodeType": "host",
      "props": Object {
        "children": Array [
          <div
            className="footer__links-wrapper wrapper"
          >
            <div
              className="footer__links"
            >
              <div
                className="footer__links-title"
              >
                featured sale
              </div>
              <ul
                className="footer__links-list"
              >
                <li>
                  <a
                    className="footer__link"
                    href="#"
                  >
                    Alexis Hudson
                  </a>
                </li>
                <li>
                  <a
                    className="footer__link"
                    href="#"
                  >
                    American Apparel
                  </a>
                </li>
                <li>
                  <a
                    className="footer__link"
                    href="#"
                  >
                    Ben Sherman
                  </a>
                </li>
              </ul>
            </div>
          </div>,
          <div
            className="footer__copyright"
          >
            Copyright 2013 CSS Author
          </div>,
        ],
        "className": "footer",
      },
      "ref": null,
      "rendered": Array [
        Object {
          "instance": null,
          "key": undefined,
          "nodeType": "host",
          "props": Object {
            "children": Array [
              <div
                className="footer__links"
              >
                <div
                  className="footer__links-title"
                >
                  featured sale
                </div>
                <ul
                  className="footer__links-list"
                >
                  <li>
                    <a
                      className="footer__link"
                      href="#"
                    >
                      Alexis Hudson
                    </a>
                  </li>
                  <li>
                    <a
                      className="footer__link"
                      href="#"
                    >
                      American Apparel
                    </a>
                  </li>
                  <li>
                    <a
                      className="footer__link"
                      href="#"
                    >
                      Ben Sherman
                    </a>
                  </li>
                </ul>
              </div>,
            ],
            "className": "footer__links-wrapper wrapper",
          },
          "ref": null,
          "rendered": Array [
            Object {
              "instance": null,
              "key": "0",
              "nodeType": "host",
              "props": Object {
                "children": Array [
                  <div
                    className="footer__links-title"
                  >
                    featured sale
                  </div>,
                  <ul
                    className="footer__links-list"
                  >
                    <li>
                      <a
                        className="footer__link"
                        href="#"
                      >
                        Alexis Hudson
                      </a>
                    </li>
                    <li>
                      <a
                        className="footer__link"
                        href="#"
                      >
                        American Apparel
                      </a>
                    </li>
                    <li>
                      <a
                        className="footer__link"
                        href="#"
                      >
                        Ben Sherman
                      </a>
                    </li>
                  </ul>,
                ],
                "className": "footer__links",
              },
              "ref": null,
              "rendered": Array [
                Object {
                  "instance": null,
                  "key": undefined,
                  "nodeType": "host",
                  "props": Object {
                    "children": "featured sale",
                    "className": "footer__links-title",
                  },
                  "ref": null,
                  "rendered": "featured sale",
                  "type": "div",
                },
                Object {
                  "instance": null,
                  "key": undefined,
                  "nodeType": "host",
                  "props": Object {
                    "children": Array [
                      <li>
                        <a
                          className="footer__link"
                          href="#"
                        >
                          Alexis Hudson
                        </a>
                      </li>,
                      <li>
                        <a
                          className="footer__link"
                          href="#"
                        >
                          American Apparel
                        </a>
                      </li>,
                      <li>
                        <a
                          className="footer__link"
                          href="#"
                        >
                          Ben Sherman
                        </a>
                      </li>,
                    ],
                    "className": "footer__links-list",
                  },
                  "ref": null,
                  "rendered": Array [
                    Object {
                      "instance": null,
                      "key": "0",
                      "nodeType": "host",
                      "props": Object {
                        "children": <a
                          className="footer__link"
                          href="#"
                        >
                          Alexis Hudson
                        </a>,
                      },
                      "ref": null,
                      "rendered": Object {
                        "instance": null,
                        "key": undefined,
                        "nodeType": "host",
                        "props": Object {
                          "children": "Alexis Hudson",
                          "className": "footer__link",
                          "href": "#",
                        },
                        "ref": null,
                        "rendered": "Alexis Hudson",
                        "type": "a",
                      },
                      "type": "li",
                    },
                    Object {
                      "instance": null,
                      "key": "1",
                      "nodeType": "host",
                      "props": Object {
                        "children": <a
                          className="footer__link"
                          href="#"
                        >
                          American Apparel
                        </a>,
                      },
                      "ref": null,
                      "rendered": Object {
                        "instance": null,
                        "key": undefined,
                        "nodeType": "host",
                        "props": Object {
                          "children": "American Apparel",
                          "className": "footer__link",
                          "href": "#",
                        },
                        "ref": null,
                        "rendered": "American Apparel",
                        "type": "a",
                      },
                      "type": "li",
                    },
                    Object {
                      "instance": null,
                      "key": "2",
                      "nodeType": "host",
                      "props": Object {
                        "children": <a
                          className="footer__link"
                          href="#"
                        >
                          Ben Sherman
                        </a>,
                      },
                      "ref": null,
                      "rendered": Object {
                        "instance": null,
                        "key": undefined,
                        "nodeType": "host",
                        "props": Object {
                          "children": "Ben Sherman",
                          "className": "footer__link",
                          "href": "#",
                        },
                        "ref": null,
                        "rendered": "Ben Sherman",
                        "type": "a",
                      },
                      "type": "li",
                    },
                  ],
                  "type": "ul",
                },
              ],
              "type": "div",
            },
          ],
          "type": "div",
        },
        Object {
          "instance": null,
          "key": undefined,
          "nodeType": "host",
          "props": Object {
            "children": "Copyright 2013 CSS Author",
            "className": "footer__copyright",
          },
          "ref": null,
          "rendered": "Copyright 2013 CSS Author",
          "type": "div",
        },
      ],
      "type": "footer",
    },
  ],
  Symbol(enzyme.__options__): Object {
    "adapter": ReactSixteenAdapter {
      "options": Object {
        "enableComponentDidUpdateOnSetState": true,
        "lifecycles": Object {
          "componentDidUpdate": Object {
            "onSetState": true,
          },
          "getDerivedStateFromProps": true,
          "getSnapshotBeforeUpdate": true,
          "setState": Object {
            "skipsComponentDidUpdateOnNullish": true,
          },
        },
      },
    },
  },
}
`;
