// Jest Snapshot v1, https://goo.gl/fbAQLP

exports[`<Slide /> renders without crash 1`] = `ShallowWrapper {}`;
