// Jest Snapshot v1, https://goo.gl/fbAQLP

exports[`<Autosuggest /> renders without crash 1`] = `ShallowWrapper {}`;
